// Jest Snapshot v1, https://goo.gl/fbAQLP

exports[`CategoryBox Snapshot 1`] = `
<div>
  <div
    css="
    display: flex;
    gap: 0 4px;
    align-items: center;
  "
  >
    <span
      css="
    display: block;
    width: 16px;
    height: 16px;
    border-radius: 50%;
    margin-right: 4px;
    background: ,#f00,;
  "
    />
    <p
      class="MuiTypography-root-hjKMqV lcfbwq MuiTypography-root MuiTypography-body1"
      css="
      font-size: 14px;
      line-height: 1.6em;
      letter-spacing: 0;
    ,,"
    >
      hogehoge
    </p>
  </div>
</div>
`;
