// Jest Snapshot v1, https://goo.gl/fbAQLP

exports[`ExpenseEditor Snapshot 1`] = `
<div>
  <div
    css="
    background: ,#121212,;
  "
  >
    <div
      css="
    width: 100%;
    display: flex;
    flex-wrap: wrap;
    gap: 16px;
    padding: 16px;
  "
    >
      <div
        css="
      width: 100%;
      display: flex;
      gap: 0 8px;
    "
      >
        <div
          css="
      width: 100%;
      display: flex;
      gap: 0 8px;
      justify-content: space-between;
      align-items: center;
    "
        >
          <button
            class="MuiButtonBase-root-iLYEZ iYGEdV MuiButtonBase-root MuiIconButton-root-bFkPbr kaApAH MuiIconButton-root MuiIconButton-sizeMedium"
            data-testid="ExpenseEditor__backButton"
            tabindex="0"
            type="button"
          >
            <svg
              aria-hidden="true"
              class="MuiSvgIcon-root-ksXwJf cGToQP MuiSvgIcon-root MuiSvgIcon-fontSizeMedium"
              data-testid="ArrowBackIcon"
              focusable="false"
              viewBox="0 0 24 24"
            >
              <path
                d="M20 11H7.83l5.59-5.59L12 4l-8 8 8 8 1.41-1.41L7.83 13H20v-2z"
              />
            </svg>
            <span
              class="MuiTouchRipple-root-gUFkdJ hmrPgQ MuiTouchRipple-root"
            />
          </button>
          <div
            css="
      width: calc(100% - 48px);
      padding: 0 8px;
    "
          >
            <p
              class="MuiTypography-root-hjKMqV cgoTgC MuiTypography-root MuiTypography-body1"
              css="
      font-size: 40px;
      line-height: 1.6em;
      letter-spacing: -0.02em;
    ,"
              data-testid="ExpenseEditor__amount"
            >
              ¥ 
              0
            </p>
          </div>
        </div>
      </div>
      <div
        css="
      width: 100%;
      display: flex;
      gap: 0 8px;
    "
      >
        <div
          css="
      width: calc(50% - 4px);
    "
        >
          <div
            class="MuiFormControl-root-jqDVwX hMjNKM MuiFormControl-root MuiFormControl-fullWidth"
          >
            <div
              class="MuiFormControl-root-jqDVwX edeA-dz MuiFormControl-root MuiTextField-root-eleSgF MuiTextField-root"
            >
              <label
                class="MuiFormLabel-root-bhkKxm bFdtOM MuiFormLabel-root MuiInputLabel-root MuiInputLabel-formControl MuiInputLabel-animated MuiInputLabel-shrink MuiInputLabel-outlined MuiFormLabel-colorPrimary MuiFormLabel-filled MuiInputLabel-root-ebPhGO jQJsZM MuiInputLabel-root MuiInputLabel-formControl MuiInputLabel-animated MuiInputLabel-shrink MuiInputLabel-outlined"
                data-shrink="true"
                for=":rf:"
                id=":rf:-label"
              >
                Date
              </label>
              <div
                class="MuiInputBase-root-hxnqRp MuiOutlinedInput-root-hwKvEs dgbvlu bnIteQ MuiInputBase-root MuiOutlinedInput-root MuiInputBase-colorPrimary MuiInputBase-formControl MuiInputBase-adornedEnd"
              >
                <input
                  aria-invalid="false"
                  autocomplete="off"
                  class="MuiInputBase-input-kfmbdp MuiOutlinedInput-input-jfhGlo WQhBb cgfCAc MuiInputBase-input MuiOutlinedInput-input MuiInputBase-inputAdornedEnd"
                  id=":rf:"
                  inputmode="text"
                  placeholder="YYYY/MM/DD"
                  type="text"
                  value="2023/11/10"
                />
                <div
                  class="MuiInputAdornment-root-fLrQrM fSUrJY MuiInputAdornment-root MuiInputAdornment-positionEnd MuiInputAdornment-outlined MuiInputAdornment-sizeMedium"
                >
                  <button
                    aria-label="Choose date, selected date is 2023/11/10"
                    class="MuiButtonBase-root-iLYEZ iYGEdV MuiButtonBase-root MuiIconButton-root-bFkPbr haGrPj MuiIconButton-root MuiIconButton-edgeEnd MuiIconButton-sizeMedium"
                    tabindex="0"
                    type="button"
                  >
                    <svg
                      aria-hidden="true"
                      class="MuiSvgIcon-root-ksXwJf cGToQP MuiSvgIcon-root MuiSvgIcon-fontSizeMedium"
                      data-testid="CalendarIcon"
                      focusable="false"
                      viewBox="0 0 24 24"
                    >
                      <path
                        d="M17 12h-5v5h5v-5zM16 1v2H8V1H6v2H5c-1.11 0-1.99.9-1.99 2L3 19c0 1.1.89 2 2 2h14c1.1 0 2-.9 2-2V5c0-1.1-.9-2-2-2h-1V1h-2zm3 18H5V8h14v11z"
                      />
                    </svg>
                    <span
                      class="MuiTouchRipple-root-gUFkdJ hmrPgQ MuiTouchRipple-root"
                    />
                  </button>
                </div>
                <fieldset
                  aria-hidden="true"
                  class="sc-gsFSXq kSRNw MuiOutlinedInput-notchedOutline-fvAhbF eRgWIs MuiOutlinedInput-notchedOutline"
                >
                  <legend
                    class="sc-kAyceB fVXuLj"
                  >
                    <span>
                      Date
                    </span>
                  </legend>
                </fieldset>
              </div>
            </div>
          </div>
        </div>
        <div
          css="
      width: calc(50% - 4px);
    "
        >
          <div
            class="MuiFormControl-root-jqDVwX hMjNKM MuiFormControl-root MuiFormControl-fullWidth"
          >
            <label
              class="MuiFormLabel-root-bhkKxm bFdtOM MuiFormLabel-root MuiInputLabel-root MuiInputLabel-formControl MuiInputLabel-animated MuiInputLabel-outlined MuiFormLabel-colorPrimary MuiInputLabel-root-ebPhGO dbFrTT MuiInputLabel-root MuiInputLabel-formControl MuiInputLabel-animated MuiInputLabel-outlined"
              data-shrink="false"
              id="category"
            >
              Category
            </label>
            <div
              class="MuiInputBase-root-hxnqRp MuiOutlinedInput-root-hwKvEs dgbvlu osDsI MuiInputBase-root MuiOutlinedInput-root MuiInputBase-colorPrimary MuiInputBase-formControl MuiSelect-root-iRWnYl"
              data-testid="ExpenseEditor__category"
            >
              <div
                aria-expanded="false"
                aria-haspopup="listbox"
                aria-labelledby="category"
                class="MuiSelect-select-cRTchI ggiAQm MuiSelect-select MuiSelect-outlined MuiInputBase-input-kfmbdp MuiOutlinedInput-input-jfhGlo WQhBb bqsfHJ MuiInputBase-input MuiOutlinedInput-input"
                role="button"
                tabindex="0"
              >
                <span
                  class="notranslate"
                >
                  ​
                </span>
              </div>
              <input
                aria-hidden="true"
                aria-invalid="false"
                class="MuiSelect-nativeInput-ckcHZf GdFvX MuiSelect-nativeInput"
                tabindex="-1"
                value=""
              />
              <svg
                aria-hidden="true"
                class="MuiSvgIcon-root-ksXwJf cGToQP MuiSvgIcon-root MuiSvgIcon-fontSizeMedium MuiSelect-icon-jfXOOT hsnEhE MuiSelect-icon MuiSelect-iconOutlined"
                data-testid="ArrowDropDownIcon"
                focusable="false"
                viewBox="0 0 24 24"
              >
                <path
                  d="M7 10l5 5 5-5z"
                />
              </svg>
              <fieldset
                aria-hidden="true"
                class="sc-gsFSXq kSRNw MuiOutlinedInput-notchedOutline-fvAhbF eRgWIs MuiOutlinedInput-notchedOutline"
              >
                <legend
                  class="sc-kAyceB ciiNLB"
                >
                  <span>
                    Category
                  </span>
                </legend>
              </fieldset>
            </div>
          </div>
        </div>
      </div>
      <div
        css="
      width: 100%;
      display: flex;
      gap: 0 8px;
    "
      >
        <div
          class="MuiFormControl-root-jqDVwX hMjNKM MuiFormControl-root MuiFormControl-fullWidth"
        >
          <div
            class="MuiFormControl-root-jqDVwX edeA-dz MuiFormControl-root MuiTextField-root-eleSgF MuiTextField-root"
          >
            <label
              class="MuiFormLabel-root-bhkKxm bFdtOM MuiFormLabel-root MuiInputLabel-root MuiInputLabel-formControl MuiInputLabel-animated MuiInputLabel-outlined MuiFormLabel-colorPrimary MuiInputLabel-root-ebPhGO dbFrTT MuiInputLabel-root MuiInputLabel-formControl MuiInputLabel-animated MuiInputLabel-outlined"
              data-shrink="false"
              for=":rh:"
              id=":rh:-label"
            >
              Memo
            </label>
            <div
              class="MuiInputBase-root-hxnqRp MuiOutlinedInput-root-hwKvEs dgbvlu osDsI MuiInputBase-root MuiOutlinedInput-root MuiInputBase-colorPrimary MuiInputBase-formControl"
            >
              <input
                aria-invalid="false"
                class="MuiInputBase-input-kfmbdp MuiOutlinedInput-input-jfhGlo WQhBb bqsfHJ MuiInputBase-input MuiOutlinedInput-input"
                id=":rh:"
                type="text"
                value=""
              />
              <fieldset
                aria-hidden="true"
                class="sc-gsFSXq kSRNw MuiOutlinedInput-notchedOutline-fvAhbF eRgWIs MuiOutlinedInput-notchedOutline"
              >
                <legend
                  class="sc-kAyceB ciiNLB"
                >
                  <span>
                    Memo
                  </span>
                </legend>
              </fieldset>
            </div>
          </div>
        </div>
      </div>
      <div
        css="
      width: 100%;
      display: flex;
      gap: 0 8px;
    "
      >
        <div
          css="
      width: 100%;
      display: flex;
      flex-wrap: wrap;
      flex-direction: row-reverse;
      gap: 16px 0;
      padding: 8px 0;
    "
        >
          <div
            css="
      display: flex;
      justify-content: center;
      align-items: center;
      width: 33.3333%;
    "
          >
            <div
              css="
      width: 60%;
    "
            >
              <button
                css="
    position: relative;
    width: 100%;
    border: 2px solid ,#976CFF,;
    border-radius: 50%;
    &:before {
      content: '';
      display: block;
      padding-top: 100%;
    }
    &:active {
      opacity: 0.3;
    }
  ,"
                type="button"
              >
                <p
                  class="MuiTypography-root-hjKMqV lcfbwq MuiTypography-root MuiTypography-body1"
                  css="
      font-size: 40px;
      line-height: 1.6em;
      letter-spacing: -0.02em;
    ,
    position: absolute;
    top: 50%;
    left: 50%;
    transform: translate(-50%, -50%);
    display: flex;
    justify-content: center;
    align-items: center;
    color: ,#976CFF,;
    font-weight: 500;
  ,"
                >
                  9
                </p>
              </button>
            </div>
          </div>
          <div
            css="
      display: flex;
      justify-content: center;
      align-items: center;
      width: 33.3333%;
    "
          >
            <div
              css="
      width: 60%;
    "
            >
              <button
                css="
    position: relative;
    width: 100%;
    border: 2px solid ,#976CFF,;
    border-radius: 50%;
    &:before {
      content: '';
      display: block;
      padding-top: 100%;
    }
    &:active {
      opacity: 0.3;
    }
  ,"
                type="button"
              >
                <p
                  class="MuiTypography-root-hjKMqV lcfbwq MuiTypography-root MuiTypography-body1"
                  css="
      font-size: 40px;
      line-height: 1.6em;
      letter-spacing: -0.02em;
    ,
    position: absolute;
    top: 50%;
    left: 50%;
    transform: translate(-50%, -50%);
    display: flex;
    justify-content: center;
    align-items: center;
    color: ,#976CFF,;
    font-weight: 500;
  ,"
                >
                  8
                </p>
              </button>
            </div>
          </div>
          <div
            css="
      display: flex;
      justify-content: center;
      align-items: center;
      width: 33.3333%;
    "
          >
            <div
              css="
      width: 60%;
    "
            >
              <button
                css="
    position: relative;
    width: 100%;
    border: 2px solid ,#976CFF,;
    border-radius: 50%;
    &:before {
      content: '';
      display: block;
      padding-top: 100%;
    }
    &:active {
      opacity: 0.3;
    }
  ,"
                type="button"
              >
                <p
                  class="MuiTypography-root-hjKMqV lcfbwq MuiTypography-root MuiTypography-body1"
                  css="
      font-size: 40px;
      line-height: 1.6em;
      letter-spacing: -0.02em;
    ,
    position: absolute;
    top: 50%;
    left: 50%;
    transform: translate(-50%, -50%);
    display: flex;
    justify-content: center;
    align-items: center;
    color: ,#976CFF,;
    font-weight: 500;
  ,"
                >
                  7
                </p>
              </button>
            </div>
          </div>
          <div
            css="
      display: flex;
      justify-content: center;
      align-items: center;
      width: 33.3333%;
    "
          >
            <div
              css="
      width: 60%;
    "
            >
              <button
                css="
    position: relative;
    width: 100%;
    border: 2px solid ,#976CFF,;
    border-radius: 50%;
    &:before {
      content: '';
      display: block;
      padding-top: 100%;
    }
    &:active {
      opacity: 0.3;
    }
  ,"
                type="button"
              >
                <p
                  class="MuiTypography-root-hjKMqV lcfbwq MuiTypography-root MuiTypography-body1"
                  css="
      font-size: 40px;
      line-height: 1.6em;
      letter-spacing: -0.02em;
    ,
    position: absolute;
    top: 50%;
    left: 50%;
    transform: translate(-50%, -50%);
    display: flex;
    justify-content: center;
    align-items: center;
    color: ,#976CFF,;
    font-weight: 500;
  ,"
                >
                  6
                </p>
              </button>
            </div>
          </div>
          <div
            css="
      display: flex;
      justify-content: center;
      align-items: center;
      width: 33.3333%;
    "
          >
            <div
              css="
      width: 60%;
    "
            >
              <button
                css="
    position: relative;
    width: 100%;
    border: 2px solid ,#976CFF,;
    border-radius: 50%;
    &:before {
      content: '';
      display: block;
      padding-top: 100%;
    }
    &:active {
      opacity: 0.3;
    }
  ,"
                type="button"
              >
                <p
                  class="MuiTypography-root-hjKMqV lcfbwq MuiTypography-root MuiTypography-body1"
                  css="
      font-size: 40px;
      line-height: 1.6em;
      letter-spacing: -0.02em;
    ,
    position: absolute;
    top: 50%;
    left: 50%;
    transform: translate(-50%, -50%);
    display: flex;
    justify-content: center;
    align-items: center;
    color: ,#976CFF,;
    font-weight: 500;
  ,"
                >
                  5
                </p>
              </button>
            </div>
          </div>
          <div
            css="
      display: flex;
      justify-content: center;
      align-items: center;
      width: 33.3333%;
    "
          >
            <div
              css="
      width: 60%;
    "
            >
              <button
                css="
    position: relative;
    width: 100%;
    border: 2px solid ,#976CFF,;
    border-radius: 50%;
    &:before {
      content: '';
      display: block;
      padding-top: 100%;
    }
    &:active {
      opacity: 0.3;
    }
  ,"
                type="button"
              >
                <p
                  class="MuiTypography-root-hjKMqV lcfbwq MuiTypography-root MuiTypography-body1"
                  css="
      font-size: 40px;
      line-height: 1.6em;
      letter-spacing: -0.02em;
    ,
    position: absolute;
    top: 50%;
    left: 50%;
    transform: translate(-50%, -50%);
    display: flex;
    justify-content: center;
    align-items: center;
    color: ,#976CFF,;
    font-weight: 500;
  ,"
                >
                  4
                </p>
              </button>
            </div>
          </div>
          <div
            css="
      display: flex;
      justify-content: center;
      align-items: center;
      width: 33.3333%;
    "
          >
            <div
              css="
      width: 60%;
    "
            >
              <button
                css="
    position: relative;
    width: 100%;
    border: 2px solid ,#976CFF,;
    border-radius: 50%;
    &:before {
      content: '';
      display: block;
      padding-top: 100%;
    }
    &:active {
      opacity: 0.3;
    }
  ,"
                type="button"
              >
                <p
                  class="MuiTypography-root-hjKMqV lcfbwq MuiTypography-root MuiTypography-body1"
                  css="
      font-size: 40px;
      line-height: 1.6em;
      letter-spacing: -0.02em;
    ,
    position: absolute;
    top: 50%;
    left: 50%;
    transform: translate(-50%, -50%);
    display: flex;
    justify-content: center;
    align-items: center;
    color: ,#976CFF,;
    font-weight: 500;
  ,"
                >
                  3
                </p>
              </button>
            </div>
          </div>
          <div
            css="
      display: flex;
      justify-content: center;
      align-items: center;
      width: 33.3333%;
    "
          >
            <div
              css="
      width: 60%;
    "
            >
              <button
                css="
    position: relative;
    width: 100%;
    border: 2px solid ,#976CFF,;
    border-radius: 50%;
    &:before {
      content: '';
      display: block;
      padding-top: 100%;
    }
    &:active {
      opacity: 0.3;
    }
  ,"
                type="button"
              >
                <p
                  class="MuiTypography-root-hjKMqV lcfbwq MuiTypography-root MuiTypography-body1"
                  css="
      font-size: 40px;
      line-height: 1.6em;
      letter-spacing: -0.02em;
    ,
    position: absolute;
    top: 50%;
    left: 50%;
    transform: translate(-50%, -50%);
    display: flex;
    justify-content: center;
    align-items: center;
    color: ,#976CFF,;
    font-weight: 500;
  ,"
                >
                  2
                </p>
              </button>
            </div>
          </div>
          <div
            css="
      display: flex;
      justify-content: center;
      align-items: center;
      width: 33.3333%;
    "
          >
            <div
              css="
      width: 60%;
    "
            >
              <button
                css="
    position: relative;
    width: 100%;
    border: 2px solid ,#976CFF,;
    border-radius: 50%;
    &:before {
      content: '';
      display: block;
      padding-top: 100%;
    }
    &:active {
      opacity: 0.3;
    }
  ,"
                type="button"
              >
                <p
                  class="MuiTypography-root-hjKMqV lcfbwq MuiTypography-root MuiTypography-body1"
                  css="
      font-size: 40px;
      line-height: 1.6em;
      letter-spacing: -0.02em;
    ,
    position: absolute;
    top: 50%;
    left: 50%;
    transform: translate(-50%, -50%);
    display: flex;
    justify-content: center;
    align-items: center;
    color: ,#976CFF,;
    font-weight: 500;
  ,"
                >
                  1
                </p>
              </button>
            </div>
          </div>
          <div
            css="
      display: flex;
      justify-content: center;
      align-items: center;
      width: 33.3333%;
    "
          >
            <div
              css="
      width: 60%;
    "
            >
              <button
                css="
    position: relative;
    width: 100%;
    border: 2px solid ,#976CFF,;
    border-radius: 50%;
    &:before {
      content: '';
      display: block;
      padding-top: 100%;
    }
    &:active {
      opacity: 0.3;
    }
  ,
    border: 2px solid ,rgb(105, 75, 178),;
  "
                disabled=""
                type="button"
              >
                <p
                  class="MuiTypography-root-hjKMqV lcfbwq MuiTypography-root MuiTypography-body1"
                  css="
      font-size: 40px;
      line-height: 1.6em;
      letter-spacing: -0.02em;
    ,
    position: absolute;
    top: 50%;
    left: 50%;
    transform: translate(-50%, -50%);
    display: flex;
    justify-content: center;
    align-items: center;
    color: ,#976CFF,;
    font-weight: 500;
  ,
    color: ,rgb(105, 75, 178),;
  "
                >
                  ×
                </p>
              </button>
            </div>
          </div>
          <div
            css="
      display: flex;
      justify-content: center;
      align-items: center;
      width: 33.3333%;
    "
          >
            <div
              css="
      width: 60%;
    "
            >
              <button
                css="
    position: relative;
    width: 100%;
    border: 2px solid ,#976CFF,;
    border-radius: 50%;
    &:before {
      content: '';
      display: block;
      padding-top: 100%;
    }
    &:active {
      opacity: 0.3;
    }
  ,
    border: 2px solid ,rgb(105, 75, 178),;
  "
                disabled=""
                type="button"
              >
                <p
                  class="MuiTypography-root-hjKMqV lcfbwq MuiTypography-root MuiTypography-body1"
                  css="
      font-size: 40px;
      line-height: 1.6em;
      letter-spacing: -0.02em;
    ,
    position: absolute;
    top: 50%;
    left: 50%;
    transform: translate(-50%, -50%);
    display: flex;
    justify-content: center;
    align-items: center;
    color: ,#976CFF,;
    font-weight: 500;
  ,
    color: ,rgb(105, 75, 178),;
  "
                >
                  C
                </p>
              </button>
            </div>
          </div>
          <div
            css="
      display: flex;
      justify-content: center;
      align-items: center;
      width: 33.3333%;
    "
          >
            <div
              css="
      width: 60%;
    "
            >
              <button
                css="
    position: relative;
    width: 100%;
    border: 2px solid ,#976CFF,;
    border-radius: 50%;
    &:before {
      content: '';
      display: block;
      padding-top: 100%;
    }
    &:active {
      opacity: 0.3;
    }
  ,"
                disabled=""
                type="button"
              >
                <p
                  class="MuiTypography-root-hjKMqV lcfbwq MuiTypography-root MuiTypography-body1"
                  css="
      font-size: 40px;
      line-height: 1.6em;
      letter-spacing: -0.02em;
    ,
    position: absolute;
    top: 50%;
    left: 50%;
    transform: translate(-50%, -50%);
    display: flex;
    justify-content: center;
    align-items: center;
    color: ,#976CFF,;
    font-weight: 500;
  ,"
                >
                  0
                </p>
              </button>
            </div>
          </div>
        </div>
      </div>
      <div
        css="
      width: 100%;
      display: flex;
      gap: 0 8px;
    "
      >
        <button
          class="MuiButtonBase-root-iLYEZ iYGEdV MuiButtonBase-root MuiButton-root MuiButton-outlined MuiButton-outlinedPrimary MuiButton-sizeLarge MuiButton-outlinedSizeLarge MuiButton-fullWidth MuiButton-root-jQXqOE bNIplj MuiButton-root MuiButton-outlined MuiButton-outlinedPrimary MuiButton-sizeLarge MuiButton-outlinedSizeLarge MuiButton-fullWidth"
          css="
    height: 56px;
  "
          tabindex="0"
          type="button"
        >
          Register
          <span
            class="MuiTouchRipple-root-gUFkdJ hmrPgQ MuiTouchRipple-root"
          />
        </button>
      </div>
    </div>
  </div>
</div>
`;

exports[`ExpenseEditor Snapshot: create 1`] = `
<div>
  <div
    css="
    background: ,#121212,;
  "
  >
    <div
      css="
    width: 100%;
    display: flex;
    flex-wrap: wrap;
    gap: 16px;
    padding: 16px;
  "
    >
      <div
        css="
      width: 100%;
      display: flex;
      gap: 0 8px;
    "
      >
        <div
          css="
      width: 100%;
      display: flex;
      gap: 0 8px;
      justify-content: space-between;
      align-items: center;
    "
        >
          <button
            class="MuiButtonBase-root-iLYEZ iYGEdV MuiButtonBase-root MuiIconButton-root-bFkPbr kaApAH MuiIconButton-root MuiIconButton-sizeMedium"
            data-testid="ExpenseEditor__backButton"
            tabindex="0"
            type="button"
          >
            <svg
              aria-hidden="true"
              class="MuiSvgIcon-root-ksXwJf cGToQP MuiSvgIcon-root MuiSvgIcon-fontSizeMedium"
              data-testid="ArrowBackIcon"
              focusable="false"
              viewBox="0 0 24 24"
            >
              <path
                d="M20 11H7.83l5.59-5.59L12 4l-8 8 8 8 1.41-1.41L7.83 13H20v-2z"
              />
            </svg>
            <span
              class="MuiTouchRipple-root-gUFkdJ hmrPgQ MuiTouchRipple-root"
            />
          </button>
          <div
            css="
      width: calc(100% - 48px);
      padding: 0 8px;
    "
          >
            <p
              class="MuiTypography-root-hjKMqV cgoTgC MuiTypography-root MuiTypography-body1"
              css="
      font-size: 40px;
      line-height: 1.6em;
      letter-spacing: -0.02em;
    ,"
              data-testid="ExpenseEditor__amount"
            >
              ¥ 
              0
            </p>
          </div>
        </div>
      </div>
      <div
        css="
      width: 100%;
      display: flex;
      gap: 0 8px;
    "
      >
        <div
          css="
      width: calc(50% - 4px);
    "
        >
          <div
            class="MuiFormControl-root-jqDVwX hMjNKM MuiFormControl-root MuiFormControl-fullWidth"
          >
            <div
              class="MuiFormControl-root-jqDVwX edeA-dz MuiFormControl-root MuiTextField-root-eleSgF MuiTextField-root"
            >
              <label
                class="MuiFormLabel-root-bhkKxm bFdtOM MuiFormLabel-root MuiInputLabel-root MuiInputLabel-formControl MuiInputLabel-animated MuiInputLabel-shrink MuiInputLabel-outlined MuiFormLabel-colorPrimary MuiFormLabel-filled MuiInputLabel-root-ebPhGO jQJsZM MuiInputLabel-root MuiInputLabel-formControl MuiInputLabel-animated MuiInputLabel-shrink MuiInputLabel-outlined"
                data-shrink="true"
                for=":rf:"
                id=":rf:-label"
              >
                Date
              </label>
              <div
                class="MuiInputBase-root-hxnqRp MuiOutlinedInput-root-hwKvEs dgbvlu bnIteQ MuiInputBase-root MuiOutlinedInput-root MuiInputBase-colorPrimary MuiInputBase-formControl MuiInputBase-adornedEnd"
              >
                <input
                  aria-invalid="false"
                  autocomplete="off"
                  class="MuiInputBase-input-kfmbdp MuiOutlinedInput-input-jfhGlo WQhBb cgfCAc MuiInputBase-input MuiOutlinedInput-input MuiInputBase-inputAdornedEnd"
                  id=":rf:"
                  inputmode="text"
                  placeholder="YYYY/MM/DD"
                  type="text"
                  value="2023/11/10"
                />
                <div
                  class="MuiInputAdornment-root-fLrQrM fSUrJY MuiInputAdornment-root MuiInputAdornment-positionEnd MuiInputAdornment-outlined MuiInputAdornment-sizeMedium"
                >
                  <button
                    aria-label="Choose date, selected date is 2023/11/10"
                    class="MuiButtonBase-root-iLYEZ iYGEdV MuiButtonBase-root MuiIconButton-root-bFkPbr haGrPj MuiIconButton-root MuiIconButton-edgeEnd MuiIconButton-sizeMedium"
                    tabindex="0"
                    type="button"
                  >
                    <svg
                      aria-hidden="true"
                      class="MuiSvgIcon-root-ksXwJf cGToQP MuiSvgIcon-root MuiSvgIcon-fontSizeMedium"
                      data-testid="CalendarIcon"
                      focusable="false"
                      viewBox="0 0 24 24"
                    >
                      <path
                        d="M17 12h-5v5h5v-5zM16 1v2H8V1H6v2H5c-1.11 0-1.99.9-1.99 2L3 19c0 1.1.89 2 2 2h14c1.1 0 2-.9 2-2V5c0-1.1-.9-2-2-2h-1V1h-2zm3 18H5V8h14v11z"
                      />
                    </svg>
                    <span
                      class="MuiTouchRipple-root-gUFkdJ hmrPgQ MuiTouchRipple-root"
                    />
                  </button>
                </div>
                <fieldset
                  aria-hidden="true"
                  class="sc-gsFSXq kSRNw MuiOutlinedInput-notchedOutline-fvAhbF eRgWIs MuiOutlinedInput-notchedOutline"
                >
                  <legend
                    class="sc-kAyceB fVXuLj"
                  >
                    <span>
                      Date
                    </span>
                  </legend>
                </fieldset>
              </div>
            </div>
          </div>
        </div>
        <div
          css="
      width: calc(50% - 4px);
    "
        >
          <div
            class="MuiFormControl-root-jqDVwX hMjNKM MuiFormControl-root MuiFormControl-fullWidth"
          >
            <label
              class="MuiFormLabel-root-bhkKxm bFdtOM MuiFormLabel-root MuiInputLabel-root MuiInputLabel-formControl MuiInputLabel-animated MuiInputLabel-outlined MuiFormLabel-colorPrimary MuiInputLabel-root-ebPhGO dbFrTT MuiInputLabel-root MuiInputLabel-formControl MuiInputLabel-animated MuiInputLabel-outlined"
              data-shrink="false"
              id="category"
            >
              Category
            </label>
            <div
              class="MuiInputBase-root-hxnqRp MuiOutlinedInput-root-hwKvEs dgbvlu osDsI MuiInputBase-root MuiOutlinedInput-root MuiInputBase-colorPrimary MuiInputBase-formControl MuiSelect-root-iRWnYl"
              data-testid="ExpenseEditor__category"
            >
              <div
                aria-expanded="false"
                aria-haspopup="listbox"
                aria-labelledby="category"
                class="MuiSelect-select-cRTchI ggiAQm MuiSelect-select MuiSelect-outlined MuiInputBase-input-kfmbdp MuiOutlinedInput-input-jfhGlo WQhBb bqsfHJ MuiInputBase-input MuiOutlinedInput-input"
                role="button"
                tabindex="0"
              >
                <span
                  class="notranslate"
                >
                  ​
                </span>
              </div>
              <input
                aria-hidden="true"
                aria-invalid="false"
                class="MuiSelect-nativeInput-ckcHZf GdFvX MuiSelect-nativeInput"
                tabindex="-1"
                value=""
              />
              <svg
                aria-hidden="true"
                class="MuiSvgIcon-root-ksXwJf cGToQP MuiSvgIcon-root MuiSvgIcon-fontSizeMedium MuiSelect-icon-jfXOOT hsnEhE MuiSelect-icon MuiSelect-iconOutlined"
                data-testid="ArrowDropDownIcon"
                focusable="false"
                viewBox="0 0 24 24"
              >
                <path
                  d="M7 10l5 5 5-5z"
                />
              </svg>
              <fieldset
                aria-hidden="true"
                class="sc-gsFSXq kSRNw MuiOutlinedInput-notchedOutline-fvAhbF eRgWIs MuiOutlinedInput-notchedOutline"
              >
                <legend
                  class="sc-kAyceB ciiNLB"
                >
                  <span>
                    Category
                  </span>
                </legend>
              </fieldset>
            </div>
          </div>
        </div>
      </div>
      <div
        css="
      width: 100%;
      display: flex;
      gap: 0 8px;
    "
      >
        <div
          class="MuiFormControl-root-jqDVwX hMjNKM MuiFormControl-root MuiFormControl-fullWidth"
        >
          <div
            class="MuiFormControl-root-jqDVwX edeA-dz MuiFormControl-root MuiTextField-root-eleSgF MuiTextField-root"
          >
            <label
              class="MuiFormLabel-root-bhkKxm bFdtOM MuiFormLabel-root MuiInputLabel-root MuiInputLabel-formControl MuiInputLabel-animated MuiInputLabel-outlined MuiFormLabel-colorPrimary MuiInputLabel-root-ebPhGO dbFrTT MuiInputLabel-root MuiInputLabel-formControl MuiInputLabel-animated MuiInputLabel-outlined"
              data-shrink="false"
              for=":rh:"
              id=":rh:-label"
            >
              Memo
            </label>
            <div
              class="MuiInputBase-root-hxnqRp MuiOutlinedInput-root-hwKvEs dgbvlu osDsI MuiInputBase-root MuiOutlinedInput-root MuiInputBase-colorPrimary MuiInputBase-formControl"
            >
              <input
                aria-invalid="false"
                class="MuiInputBase-input-kfmbdp MuiOutlinedInput-input-jfhGlo WQhBb bqsfHJ MuiInputBase-input MuiOutlinedInput-input"
                id=":rh:"
                type="text"
                value=""
              />
              <fieldset
                aria-hidden="true"
                class="sc-gsFSXq kSRNw MuiOutlinedInput-notchedOutline-fvAhbF eRgWIs MuiOutlinedInput-notchedOutline"
              >
                <legend
                  class="sc-kAyceB ciiNLB"
                >
                  <span>
                    Memo
                  </span>
                </legend>
              </fieldset>
            </div>
          </div>
        </div>
      </div>
      <div
        css="
      width: 100%;
      display: flex;
      gap: 0 8px;
    "
      >
        <div
          css="
      width: 100%;
      display: flex;
      flex-wrap: wrap;
      flex-direction: row-reverse;
      gap: 16px 0;
      padding: 8px 0;
    "
        >
          <div
            css="
      display: flex;
      justify-content: center;
      align-items: center;
      width: 33.3333%;
    "
          >
            <div
              css="
      width: 60%;
    "
            >
              <button
                css="
    position: relative;
    width: 100%;
    border: 2px solid ,#976CFF,;
    border-radius: 50%;
    &:before {
      content: '';
      display: block;
      padding-top: 100%;
    }
    &:active {
      opacity: 0.3;
    }
  ,"
                type="button"
              >
                <p
                  class="MuiTypography-root-hjKMqV lcfbwq MuiTypography-root MuiTypography-body1"
                  css="
      font-size: 40px;
      line-height: 1.6em;
      letter-spacing: -0.02em;
    ,
    position: absolute;
    top: 50%;
    left: 50%;
    transform: translate(-50%, -50%);
    display: flex;
    justify-content: center;
    align-items: center;
    color: ,#976CFF,;
    font-weight: 500;
  ,"
                >
                  9
                </p>
              </button>
            </div>
          </div>
          <div
            css="
      display: flex;
      justify-content: center;
      align-items: center;
      width: 33.3333%;
    "
          >
            <div
              css="
      width: 60%;
    "
            >
              <button
                css="
    position: relative;
    width: 100%;
    border: 2px solid ,#976CFF,;
    border-radius: 50%;
    &:before {
      content: '';
      display: block;
      padding-top: 100%;
    }
    &:active {
      opacity: 0.3;
    }
  ,"
                type="button"
              >
                <p
                  class="MuiTypography-root-hjKMqV lcfbwq MuiTypography-root MuiTypography-body1"
                  css="
      font-size: 40px;
      line-height: 1.6em;
      letter-spacing: -0.02em;
    ,
    position: absolute;
    top: 50%;
    left: 50%;
    transform: translate(-50%, -50%);
    display: flex;
    justify-content: center;
    align-items: center;
    color: ,#976CFF,;
    font-weight: 500;
  ,"
                >
                  8
                </p>
              </button>
            </div>
          </div>
          <div
            css="
      display: flex;
      justify-content: center;
      align-items: center;
      width: 33.3333%;
    "
          >
            <div
              css="
      width: 60%;
    "
            >
              <button
                css="
    position: relative;
    width: 100%;
    border: 2px solid ,#976CFF,;
    border-radius: 50%;
    &:before {
      content: '';
      display: block;
      padding-top: 100%;
    }
    &:active {
      opacity: 0.3;
    }
  ,"
                type="button"
              >
                <p
                  class="MuiTypography-root-hjKMqV lcfbwq MuiTypography-root MuiTypography-body1"
                  css="
      font-size: 40px;
      line-height: 1.6em;
      letter-spacing: -0.02em;
    ,
    position: absolute;
    top: 50%;
    left: 50%;
    transform: translate(-50%, -50%);
    display: flex;
    justify-content: center;
    align-items: center;
    color: ,#976CFF,;
    font-weight: 500;
  ,"
                >
                  7
                </p>
              </button>
            </div>
          </div>
          <div
            css="
      display: flex;
      justify-content: center;
      align-items: center;
      width: 33.3333%;
    "
          >
            <div
              css="
      width: 60%;
    "
            >
              <button
                css="
    position: relative;
    width: 100%;
    border: 2px solid ,#976CFF,;
    border-radius: 50%;
    &:before {
      content: '';
      display: block;
      padding-top: 100%;
    }
    &:active {
      opacity: 0.3;
    }
  ,"
                type="button"
              >
                <p
                  class="MuiTypography-root-hjKMqV lcfbwq MuiTypography-root MuiTypography-body1"
                  css="
      font-size: 40px;
      line-height: 1.6em;
      letter-spacing: -0.02em;
    ,
    position: absolute;
    top: 50%;
    left: 50%;
    transform: translate(-50%, -50%);
    display: flex;
    justify-content: center;
    align-items: center;
    color: ,#976CFF,;
    font-weight: 500;
  ,"
                >
                  6
                </p>
              </button>
            </div>
          </div>
          <div
            css="
      display: flex;
      justify-content: center;
      align-items: center;
      width: 33.3333%;
    "
          >
            <div
              css="
      width: 60%;
    "
            >
              <button
                css="
    position: relative;
    width: 100%;
    border: 2px solid ,#976CFF,;
    border-radius: 50%;
    &:before {
      content: '';
      display: block;
      padding-top: 100%;
    }
    &:active {
      opacity: 0.3;
    }
  ,"
                type="button"
              >
                <p
                  class="MuiTypography-root-hjKMqV lcfbwq MuiTypography-root MuiTypography-body1"
                  css="
      font-size: 40px;
      line-height: 1.6em;
      letter-spacing: -0.02em;
    ,
    position: absolute;
    top: 50%;
    left: 50%;
    transform: translate(-50%, -50%);
    display: flex;
    justify-content: center;
    align-items: center;
    color: ,#976CFF,;
    font-weight: 500;
  ,"
                >
                  5
                </p>
              </button>
            </div>
          </div>
          <div
            css="
      display: flex;
      justify-content: center;
      align-items: center;
      width: 33.3333%;
    "
          >
            <div
              css="
      width: 60%;
    "
            >
              <button
                css="
    position: relative;
    width: 100%;
    border: 2px solid ,#976CFF,;
    border-radius: 50%;
    &:before {
      content: '';
      display: block;
      padding-top: 100%;
    }
    &:active {
      opacity: 0.3;
    }
  ,"
                type="button"
              >
                <p
                  class="MuiTypography-root-hjKMqV lcfbwq MuiTypography-root MuiTypography-body1"
                  css="
      font-size: 40px;
      line-height: 1.6em;
      letter-spacing: -0.02em;
    ,
    position: absolute;
    top: 50%;
    left: 50%;
    transform: translate(-50%, -50%);
    display: flex;
    justify-content: center;
    align-items: center;
    color: ,#976CFF,;
    font-weight: 500;
  ,"
                >
                  4
                </p>
              </button>
            </div>
          </div>
          <div
            css="
      display: flex;
      justify-content: center;
      align-items: center;
      width: 33.3333%;
    "
          >
            <div
              css="
      width: 60%;
    "
            >
              <button
                css="
    position: relative;
    width: 100%;
    border: 2px solid ,#976CFF,;
    border-radius: 50%;
    &:before {
      content: '';
      display: block;
      padding-top: 100%;
    }
    &:active {
      opacity: 0.3;
    }
  ,"
                type="button"
              >
                <p
                  class="MuiTypography-root-hjKMqV lcfbwq MuiTypography-root MuiTypography-body1"
                  css="
      font-size: 40px;
      line-height: 1.6em;
      letter-spacing: -0.02em;
    ,
    position: absolute;
    top: 50%;
    left: 50%;
    transform: translate(-50%, -50%);
    display: flex;
    justify-content: center;
    align-items: center;
    color: ,#976CFF,;
    font-weight: 500;
  ,"
                >
                  3
                </p>
              </button>
            </div>
          </div>
          <div
            css="
      display: flex;
      justify-content: center;
      align-items: center;
      width: 33.3333%;
    "
          >
            <div
              css="
      width: 60%;
    "
            >
              <button
                css="
    position: relative;
    width: 100%;
    border: 2px solid ,#976CFF,;
    border-radius: 50%;
    &:before {
      content: '';
      display: block;
      padding-top: 100%;
    }
    &:active {
      opacity: 0.3;
    }
  ,"
                type="button"
              >
                <p
                  class="MuiTypography-root-hjKMqV lcfbwq MuiTypography-root MuiTypography-body1"
                  css="
      font-size: 40px;
      line-height: 1.6em;
      letter-spacing: -0.02em;
    ,
    position: absolute;
    top: 50%;
    left: 50%;
    transform: translate(-50%, -50%);
    display: flex;
    justify-content: center;
    align-items: center;
    color: ,#976CFF,;
    font-weight: 500;
  ,"
                >
                  2
                </p>
              </button>
            </div>
          </div>
          <div
            css="
      display: flex;
      justify-content: center;
      align-items: center;
      width: 33.3333%;
    "
          >
            <div
              css="
      width: 60%;
    "
            >
              <button
                css="
    position: relative;
    width: 100%;
    border: 2px solid ,#976CFF,;
    border-radius: 50%;
    &:before {
      content: '';
      display: block;
      padding-top: 100%;
    }
    &:active {
      opacity: 0.3;
    }
  ,"
                type="button"
              >
                <p
                  class="MuiTypography-root-hjKMqV lcfbwq MuiTypography-root MuiTypography-body1"
                  css="
      font-size: 40px;
      line-height: 1.6em;
      letter-spacing: -0.02em;
    ,
    position: absolute;
    top: 50%;
    left: 50%;
    transform: translate(-50%, -50%);
    display: flex;
    justify-content: center;
    align-items: center;
    color: ,#976CFF,;
    font-weight: 500;
  ,"
                >
                  1
                </p>
              </button>
            </div>
          </div>
          <div
            css="
      display: flex;
      justify-content: center;
      align-items: center;
      width: 33.3333%;
    "
          >
            <div
              css="
      width: 60%;
    "
            >
              <button
                css="
    position: relative;
    width: 100%;
    border: 2px solid ,#976CFF,;
    border-radius: 50%;
    &:before {
      content: '';
      display: block;
      padding-top: 100%;
    }
    &:active {
      opacity: 0.3;
    }
  ,
    border: 2px solid ,rgb(105, 75, 178),;
  "
                disabled=""
                type="button"
              >
                <p
                  class="MuiTypography-root-hjKMqV lcfbwq MuiTypography-root MuiTypography-body1"
                  css="
      font-size: 40px;
      line-height: 1.6em;
      letter-spacing: -0.02em;
    ,
    position: absolute;
    top: 50%;
    left: 50%;
    transform: translate(-50%, -50%);
    display: flex;
    justify-content: center;
    align-items: center;
    color: ,#976CFF,;
    font-weight: 500;
  ,
    color: ,rgb(105, 75, 178),;
  "
                >
                  ×
                </p>
              </button>
            </div>
          </div>
          <div
            css="
      display: flex;
      justify-content: center;
      align-items: center;
      width: 33.3333%;
    "
          >
            <div
              css="
      width: 60%;
    "
            >
              <button
                css="
    position: relative;
    width: 100%;
    border: 2px solid ,#976CFF,;
    border-radius: 50%;
    &:before {
      content: '';
      display: block;
      padding-top: 100%;
    }
    &:active {
      opacity: 0.3;
    }
  ,
    border: 2px solid ,rgb(105, 75, 178),;
  "
                disabled=""
                type="button"
              >
                <p
                  class="MuiTypography-root-hjKMqV lcfbwq MuiTypography-root MuiTypography-body1"
                  css="
      font-size: 40px;
      line-height: 1.6em;
      letter-spacing: -0.02em;
    ,
    position: absolute;
    top: 50%;
    left: 50%;
    transform: translate(-50%, -50%);
    display: flex;
    justify-content: center;
    align-items: center;
    color: ,#976CFF,;
    font-weight: 500;
  ,
    color: ,rgb(105, 75, 178),;
  "
                >
                  C
                </p>
              </button>
            </div>
          </div>
          <div
            css="
      display: flex;
      justify-content: center;
      align-items: center;
      width: 33.3333%;
    "
          >
            <div
              css="
      width: 60%;
    "
            >
              <button
                css="
    position: relative;
    width: 100%;
    border: 2px solid ,#976CFF,;
    border-radius: 50%;
    &:before {
      content: '';
      display: block;
      padding-top: 100%;
    }
    &:active {
      opacity: 0.3;
    }
  ,"
                disabled=""
                type="button"
              >
                <p
                  class="MuiTypography-root-hjKMqV lcfbwq MuiTypography-root MuiTypography-body1"
                  css="
      font-size: 40px;
      line-height: 1.6em;
      letter-spacing: -0.02em;
    ,
    position: absolute;
    top: 50%;
    left: 50%;
    transform: translate(-50%, -50%);
    display: flex;
    justify-content: center;
    align-items: center;
    color: ,#976CFF,;
    font-weight: 500;
  ,"
                >
                  0
                </p>
              </button>
            </div>
          </div>
        </div>
      </div>
      <div
        css="
      width: 100%;
      display: flex;
      gap: 0 8px;
    "
      >
        <button
          class="MuiButtonBase-root-iLYEZ iYGEdV MuiButtonBase-root MuiButton-root MuiButton-outlined MuiButton-outlinedPrimary MuiButton-sizeLarge MuiButton-outlinedSizeLarge MuiButton-fullWidth MuiButton-root-jQXqOE bNIplj MuiButton-root MuiButton-outlined MuiButton-outlinedPrimary MuiButton-sizeLarge MuiButton-outlinedSizeLarge MuiButton-fullWidth"
          css="
    height: 56px;
  "
          tabindex="0"
          type="button"
        >
          Register
          <span
            class="MuiTouchRipple-root-gUFkdJ hmrPgQ MuiTouchRipple-root"
          />
        </button>
      </div>
    </div>
  </div>
</div>
`;
